---
source: tests/executor_tests.rs
expression: result
---
ExecResult {
    start: 0,
    end: 10,
    groups: {
        "1": (
            1,
            3,
        ),
        "2": (
            7,
            8,
        ),
    },
}
p: 'h(ell)o w(or)ld'
i: 'hello world foo bar baz'
    ^         ^
